// Jest Snapshot v1, https://goo.gl/fbAQLP

exports[`Header component Header snapshot 1`] = `
<div>
  <header
    class="Header"
  >
    <h1
      class="Header__heading"
    >
      Memory Pairs
    </h1>
    <p
      class="Header__info"
    >
      find all pairs and get your name on leader board
    </p>
  </header>
</div>
`;
